********************************************************************************
*                       GENERAL UTILITY LATTICE PROGRAM                        *
*                                 Julian Gale                                  *
*                       Curtin Institute for Computation                       *
*                           Department of Chemistry                            *
*                    Curtin University, Western Australia                      *
********************************************************************************
* Version = 4.5.3 * Last modified =   8th January 2018                         *
********************************************************************************
*  optimise     - perform optimisation run                                     *
*  conp         - constant pressure calculation                                *
*  property     - calculate properties for final geometry                      *
********************************************************************************
* ASE calculation                                                              *
********************************************************************************


  Job Started  at 17:28.28 28th November   2019                               

  Number of CPUs =     1

  Host name      = node1034                                


  Total number of configurations input =   1

********************************************************************************
*  Input for Configuration =   1                                               *
********************************************************************************

  Formula = Si8O16                                                      

  Number of irreducible atoms/shells =      40


  Total number atoms/shells =      40

  Dimensionality = 3               :  Bulk   



  Cartesian lattice vectors (Angstroms) :

       14.797069    0.000000    0.000000
      -10.248705    5.782937    0.000000
       -6.586983   -0.551905    5.669464

  Cell parameters (Angstroms/Degrees):

  a =      14.7971    alpha =  51.1256
  b =      11.7677    beta  = 139.1475
  c =       8.7084    gamma = 150.5657

  Initial cell volume =         485.138964 Angs**3

  Temperature of configuration =  0.000     K 

  Pressure of configuration =         0.000 GPa 

  Fractional coordinates of asymmetric unit :

--------------------------------------------------------------------------------
   No.  Atomic       x           y          z         Charge      Occupancy
        Label      (Frac)      (Frac)     (Frac)        (e)         (Frac)  
--------------------------------------------------------------------------------
      1 Si    c    0.924270    0.120660    0.062410     4.00000    1.000000    
      2 Si    c    0.578535 *  0.289313 *  0.285098 *   4.00000    1.000000    
      3 Si    c    0.411752 *  0.577177 *  0.048429 *   4.00000    1.000000    
      4 Si    c    0.889479 *  0.777408 *  0.163877 *   4.00000    1.000000    
      5 Si    c    0.212797 *  0.145164 *  0.018434 *   4.00000    1.000000    
      6 Si    c    0.217196 *  0.741180 *  0.571200 *   4.00000    1.000000    
      7 Si    c    0.710696 *  0.232720 *  0.784698 *   4.00000    1.000000    
      8 Si    c    0.062271 *  0.683886 *  0.121989 *   4.00000    1.000000    
      9 O312  c    0.171048 *  0.345415 *  0.054767 *   0.86902    1.000000    
     10 O312  c    0.670908 *  0.846503 *  0.054074 *   0.86902    1.000000    
     11 O312  c    0.902896 *  0.950575 *  0.116608 *   0.86902    1.000000    
     12 O312  c    0.816564 *  0.178533 *  0.926702 *   0.86902    1.000000    
     13 O312  c    0.731411 *  0.536698 *  0.225698 *   0.86902    1.000000    
     14 O312  c    0.396994 *  0.220435 *  0.144060 *   0.86902    1.000000    
     15 O312  c    0.645109 *  0.263784 *  0.533577 *   0.86902    1.000000    
     16 O312  c    0.311429 *  0.980045 *  0.198003 *   0.86902    1.000000    
     17 O312  c    0.313714 *  0.362870 *  0.030615 *   0.86902    1.000000    
     18 O312  c    0.313933 *  0.657231 *  0.820778 *   0.86902    1.000000    
     19 O312  c    0.045686 *  0.762123 *  0.381250 *   0.86902    1.000000    
     20 O312  c    0.046434 *  0.967393 *  0.092307 *   0.86902    1.000000    
     21 O312  c    0.136469 *  0.904361 *  0.058250 *   0.86902    1.000000    
     22 O312  c    0.135545 *  0.697915 *  0.348281 *   0.86902    1.000000    
     23 O312  c    0.460381 *  0.988922 *  0.690667 *   0.86902    1.000000    
     24 O312  c    0.882791 *  0.446249 *  0.948637 *   0.86902    1.000000    
     25 O312  s    0.171048 *  0.345415 *  0.054767 *  -2.86902    1.000000    
     26 O312  s    0.670908 *  0.846503 *  0.054074 *  -2.86902    1.000000    
     27 O312  s    0.902896 *  0.950575 *  0.116608 *  -2.86902    1.000000    
     28 O312  s    0.816564 *  0.178533 *  0.926702 *  -2.86902    1.000000    
     29 O312  s    0.731411 *  0.536698 *  0.225698 *  -2.86902    1.000000    
     30 O312  s    0.396994 *  0.220435 *  0.144060 *  -2.86902    1.000000    
     31 O312  s    0.645109 *  0.263784 *  0.533577 *  -2.86902    1.000000    
     32 O312  s    0.311429 *  0.980045 *  0.198003 *  -2.86902    1.000000    
     33 O312  s    0.313714 *  0.362870 *  0.030615 *  -2.86902    1.000000    
     34 O312  s    0.313933 *  0.657231 *  0.820778 *  -2.86902    1.000000    
     35 O312  s    0.045686 *  0.762123 *  0.381250 *  -2.86902    1.000000    
     36 O312  s    0.046434 *  0.967393 *  0.092307 *  -2.86902    1.000000    
     37 O312  s    0.136469 *  0.904361 *  0.058250 *  -2.86902    1.000000    
     38 O312  s    0.135545 *  0.697915 *  0.348281 *  -2.86902    1.000000    
     39 O312  s    0.460381 *  0.988922 *  0.690667 *  -2.86902    1.000000    
     40 O312  s    0.882791 *  0.446249 *  0.948637 *  -2.86902    1.000000    
--------------------------------------------------------------------------------



********************************************************************************
*  General input information                                                   *
********************************************************************************

  Species output for all configurations : 

--------------------------------------------------------------------------------
  Species    Type    Atomic    Atomic    Charge       Radii (Angs)     Library
                     Number     Mass       (e)     Cova   Ionic  VDW   Symbol
--------------------------------------------------------------------------------
    Si       Core       14      28.09   4.000000   1.200  0.000  2.100          
    O312     Core        8      16.00   0.869020   0.730  0.000  1.360          
    O312     Shell       8       0.00  -2.869020   0.730  0.000  1.360          
--------------------------------------------------------------------------------


  Lattice summation method               =    Ewald          (3-D)
                                         =    Parry          (2-D)
                                         =    Saunders et al (1-D)
  Accuracy factor for lattice sums       =   12.000


  Time limit = Infinity

  Maximum range for interatomic potentials =    100000.000000 Angstroms

  General interatomic potentials :

--------------------------------------------------------------------------------
Atom  Types   Potential      Parameter       Value         Units   Cutoffs(Ang)
  1     2                                                            Min /  Max 
--------------------------------------------------------------------------------
Si   c O312 s Buckingham    Buckingham A     1283.9070    eV        0.000 10.000
                            Buckingham rho  0.32052000    Ang       
                            Buckingham C     10.661580    eV*Ang^6  
--------------------------------------------------------------------------------
O31  c Si   c Buckingham    Buckingham A     983.55700    eV        0.000 10.000
                            Buckingham rho  0.32052000    Ang       
                            Buckingham C     10.661580    eV*Ang^6  
--------------------------------------------------------------------------------
O312 s O312 s Buckingham    Buckingham A     22764.000    eV        0.000 12.000
                            Buckingham rho  0.14900000    Ang       
                            Buckingham C     27.879000    eV*Ang^6  
--------------------------------------------------------------------------------
O31  c O312 s Buckingham    Buckingham A     22764.000    eV        0.000 12.000
                            Buckingham rho  0.14900000    Ang       
                            Buckingham C     27.879000    eV*Ang^6  
--------------------------------------------------------------------------------
O31  c O31  c Buckingham    Buckingham A     22764.000    eV        0.000 12.000
                            Buckingham rho  0.14900000    Ang       
                            Buckingham C     27.879000    eV*Ang^6  
--------------------------------------------------------------------------------
H31  c O312 s Buckingham    Buckingham A     311.97000    eV        0.000 12.000
                            Buckingham rho  0.25000000    Ang       
                            Buckingham C     0.0000000    eV*Ang^6  
--------------------------------------------------------------------------------
H31  c O31  c Morse-Coulomb Morse  De        7.0525000    eV        0.000  1.400
                            Morse  a0        2.1986000    Ang^-1    
                            Morse  r0       0.94850000    Ang       
--------------------------------------------------------------------------------
O312 c O312 s Spring (c-s)  Spring k 2       74.920000    eV*Ang^-2 0.000  0.800
                            Spring k 4       0.0000000    eV*Ang^-4 
--------------------------------------------------------------------------------

  General Three-body potentials :

--------------------------------------------------------------------------------
  Atoms       Potential      Parameter       Value         Units   Cutoffs(Ang)
  1 / 2 / 3                                                          Min /  Max 
--------------------------------------------------------------------------------
Si    core    Harmonic      Three-body cnst  2.0972400    eV*rad^-2 0.000  1.900
O312  shel                  Three-body angl  109.47000    degrees   0.000  1.900
O312  shel                  Three-body k4    0.0000000    eV*rad^-4 0.000  3.500
                            Three-body k3    0.0000000    eV*rad^-3 
--------------------------------------------------------------------------------
Si    core    Harmonic      Three-body cnst  2.0972400    eV*rad^-2 0.000  1.900
O31   core                  Three-body angl  109.47000    degrees   0.000  1.900
O312  shel                  Three-body k4    0.0000000    eV*rad^-4 0.000  3.500
                            Three-body k3    0.0000000    eV*rad^-3 
--------------------------------------------------------------------------------

********************************************************************************
*  Output for configuration   1                                                *
********************************************************************************


  Components of energy : 

--------------------------------------------------------------------------------
  Interatomic potentials     =         267.67664280 eV    
  Three-body potentials      =          10.42257980 eV    
  Monopole - monopole (real) =        -766.52478358 eV    
  Monopole - monopole (recip)=        -477.79158578 eV    
  Monopole - monopole (total)=       -1244.31636936 eV    
--------------------------------------------------------------------------------
  Total lattice energy       =        -966.21714676 eV    
--------------------------------------------------------------------------------
  Total lattice energy       =          -93225.1847 kJ/(mole unit cells)
--------------------------------------------------------------------------------


  Number of variables =      123

  Maximum number of calculations  =          1000
  Maximum Hessian update interval =            10
  Maximum step size               =   1.000000000
  Maximum parameter tolerance     =   0.000010000
  Maximum function  tolerance     =   0.000010000
  Maximum gradient  tolerance     =   0.001000000
  Maximum gradient  component     =   0.010000000

  Symmetry not applied to optimisation

  Cell parameters to be optimised using strains

  Newton-Raphson optimiser to be used

  BFGS hessian update to be used

  Start of bulk optimisation :

  Cycle:      0 Energy:      -966.217147  Gnorm:      8.929445  CPU:    0.082
  ** Hessian calculated **
  Cycle:      1 Energy:      -976.159894  Gnorm:      3.835306  CPU:    0.261
  Cycle:      2 Energy:      -989.080217  Gnorm:      4.476952  CPU:    0.438
  ** Hessian calculated **
  Cycle:      3 Energy:      -992.325264  Gnorm:      2.359902  CPU:    0.657
  Cycle:      4 Energy:      -994.387689  Gnorm:      2.712687  CPU:    0.835
  Cycle:      5 Energy:      -998.988779  Gnorm:      3.319431  CPU:    1.018
  Cycle:      6 Energy:     -1001.578570  Gnorm:      1.757834  CPU:    1.169
  Cycle:      7 Energy:     -1003.405450  Gnorm:      1.507019  CPU:    1.318
  Cycle:      8 Energy:     -1004.805359  Gnorm:      1.565934  CPU:    1.502
  Cycle:      9 Energy:     -1005.415034  Gnorm:      1.105711  CPU:    1.648
  Cycle:     10 Energy:     -1006.221369  Gnorm:      1.529189  CPU:    1.826
  Cycle:     11 Energy:     -1007.270476  Gnorm:      1.641200  CPU:    2.001
  Cycle:     12 Energy:     -1007.920083  Gnorm:      1.492487  CPU:    2.141
  ** Hessian calculated **
  Cycle:     13 Energy:     -1008.112280  Gnorm:      1.059141  CPU:    2.461
  Cycle:     14 Energy:     -1008.112280  Gnorm:      1.059141  CPU:    2.704
  ** Hessian calculated **
  Cycle:     15 Energy:     -1008.120211  Gnorm:      1.044841  CPU:    3.071
  Cycle:     16 Energy:     -1008.121992  Gnorm:      1.043943  CPU:    3.216
  Cycle:     17 Energy:     -1008.121992  Gnorm:      1.043943  CPU:    3.364
  ** Hessian calculated **
  Cycle:     18 Energy:     -1008.121992  Gnorm:      1.043943  CPU:    3.697
  ** Hessian calculated **


  **** Conditions for a minimum have not been satisfied. However ****
  **** no lower point can be found - treat results with caution  ****
  **** unless gradient norm is small (less than 0.1)             ****


  Final energy =   -1008.12199238 eV
  Final Gnorm  =       1.04394264

  Components of energy : 

--------------------------------------------------------------------------------
  Interatomic potentials     =         284.18400821 eV    
  Three-body potentials      =           4.55626073 eV    
  Monopole - monopole (real) =        -610.72730739 eV    
  Monopole - monopole (recip)=        -686.13495393 eV    
  Monopole - monopole (total)=       -1296.86226132 eV    
--------------------------------------------------------------------------------
  Total lattice energy       =       -1008.12199238 eV    
--------------------------------------------------------------------------------
  Total lattice energy       =          -97268.3617 kJ/(mole unit cells)
--------------------------------------------------------------------------------

  Final fractional coordinates of atoms :

--------------------------------------------------------------------------------
   No.  Atomic        x           y          z          Radius
        Label       (Frac)      (Frac)     (Frac)       (Angs) 
--------------------------------------------------------------------------------
     1  Si    c     0.924270    0.120660    0.062410    0.000000
     2  Si    c     0.551688    0.243747    0.275685    0.000000
     3  Si    c     0.404959    0.615838    0.996924    0.000000
     4  Si    c     0.913295    0.789856    0.204917    0.000000
     5  Si    c     0.205580    0.118979    0.066227    0.000000
     6  Si    c     0.193741    0.752882    0.534882    0.000000
     7  Si    c     0.714505    0.228658    0.802564    0.000000
     8  Si    c     0.104541    0.726985    0.102964    0.000000
     9  O312  c     0.161225    0.384976    0.089634    0.000000
    10  O312  c     0.670622    0.863185    0.088806    0.000000
    11  O312  c     0.902117    0.942305    0.132922    0.000000
    12  O312  c     0.818283    0.181360    0.914632    0.000000
    13  O312  c     0.733081    0.509604    0.206450    0.000000
    14  O312  c     0.399497    0.235022    0.133817    0.000000
    15  O312  c     0.654967    0.264588    0.543516    0.000000
    16  O312  c     0.350841    0.945431    0.162607    0.000000
    17  O312  c     0.313659    0.380158    0.008838    0.000000
    18  O312  c     0.297994    0.674256    0.806465    0.000000
    19  O312  c     0.046502    0.747613    0.405976    0.000000
    20  O312  c     0.035226    0.979688    0.085656    0.000000
    21  O312  c     0.130510    0.915168    0.023776    0.000000
    22  O312  c     0.142075    0.663476    0.358053    0.000000
    23  O312  c     0.459292    0.019255    0.723628    0.000000
    24  O312  c     0.873556    0.450516    0.950718    0.000000
    25  O312  s     0.138076    0.354713    0.090116    0.000000
    26  O312  s     0.652844    0.844986    0.084362    0.000000
    27  O312  s     0.899949    0.937838    0.135504    0.000000
    28  O312  s     0.818422    0.183916    0.916556    0.000000
    29  O312  s     0.735184    0.518151    0.209903    0.000000
    30  O312  s     0.403158    0.232660    0.148876    0.000000
    31  O312  s     0.652629    0.262167    0.539895    0.000000
    32  O312  s     0.343559    0.945995    0.167408    0.000000
    33  O312  s     0.307311    0.374713    0.011348    0.000000
    34  O312  s     0.299298    0.662365    0.814289    0.000000
    35  O312  s     0.061023    0.756398    0.412020    0.000000
    36  O312  s     0.039574    0.968626    0.098116    0.000000
    37  O312  s     0.114229    0.894295    0.025240    0.000000
    38  O312  s     0.143255    0.678163    0.351738    0.000000
    39  O312  s     0.450852    0.009710    0.704460    0.000000
    40  O312  s     0.882559    0.458605    0.948176    0.000000
--------------------------------------------------------------------------------

  Final Cartesian lattice vectors (Angstroms) :

       15.320879    0.529393    0.276697
      -10.404609    4.952050   -0.442059
       -6.733888   -0.988763    5.637397


  Final cell parameters and derivatives :

--------------------------------------------------------------------------------
       a           15.332519 Angstrom     dE/de1(xx)    -0.757103 eV/strain
       b           11.531440 Angstrom     dE/de2(yy)     1.370533 eV/strain
       c            8.837599 Angstrom     dE/de3(zz)     1.845328 eV/strain
       alpha       52.047926 Degrees      dE/de4(yz)     1.371407 eV/strain
       beta       138.914695 Degrees      dE/de5(xz)    -1.168567 eV/strain
       gamma      152.555942 Degrees      dE/de6(xy)    -0.169615 eV/strain
--------------------------------------------------------------------------------

  Primitive cell volume =           465.712162 Angs**3

  Density of cell =      1.714078 g/cm**3

  Non-primitive cell volume =           465.712162 Angs**3


  Final internal derivatives :

--------------------------------------------------------------------------------
   No.  Atomic          a             b             c           Radius
        Label          (eV)          (eV)          (eV)        (eV/Angs)
--------------------------------------------------------------------------------
      1 Si    c       0.000000      0.000000      0.000000      0.000000
      2 Si    c      11.139236     -3.699914     -9.970416      0.000000
      3 Si    c      -5.320868    -11.690481      0.920761      0.000000
      4 Si    c       7.520225      0.250005    -10.629163      0.000000
      5 Si    c      14.789094    -18.168246      5.746258      0.000000
      6 Si    c     -42.497339     18.658155     -1.768380      0.000000
      7 Si    c      27.777879    -14.608137      0.277407      0.000000
      8 Si    c      -8.491529     14.674260     -3.582582      0.000000
      9 O312  c     -13.977614     12.322273     -1.762274      0.000000
     10 O312  c       6.245426     -1.181149    -13.243421      0.000000
     11 O312  c     -13.163675     29.438076     -6.418885      0.000000
     12 O312  c      -4.268850     -3.195841     -1.292717      0.000000
     13 O312  c       6.283101      0.030984     -0.788005      0.000000
     14 O312  c      -8.348064    -11.941314     -2.513208      0.000000
     15 O312  c      -4.237791     -2.991011      2.314945      0.000000
     16 O312  c     -10.746887      8.303582     -0.167356      0.000000
     17 O312  c       5.256742      4.594265     -2.402573      0.000000
     18 O312  c       4.993111      4.962780     -6.035804      0.000000
     19 O312  c      -3.442107      0.072292     -5.056997      0.000000
     20 O312  c       0.685908      2.086696      1.929305      0.000000
     21 O312  c      36.302331     -6.477976      1.619033      0.000000
     22 O312  c      10.707976     -9.054653     -7.498161      0.000000
     23 O312  c       6.774995     -0.846280      9.933897      0.000000
     24 O312  c      -3.278371     -5.586705      5.414095      0.000000
     25 O312  s      17.254800     -2.035785     -2.945546      0.000000
     26 O312  s      10.553837     -3.132777      7.133124      0.000000
     27 O312  s      12.059774     -7.233026     -6.290391      0.000000
     28 O312  s      -6.649502     23.052414      8.324779      0.000000
     29 O312  s     -11.849785     23.781667     11.014523      0.000000
     30 O312  s       4.391171      5.325590     -5.703783      0.000000
     31 O312  s     -18.176488     13.739118     14.355764      0.000000
     32 O312  s       3.476808    -19.219925     -0.153024      0.000000
     33 O312  s     -11.054420      3.898661     14.843900      0.000000
     34 O312  s     -13.883122     10.330777     19.655765      0.000000
     35 O312  s       8.235538     -7.825325     -4.387041      0.000000
     36 O312  s     -24.715179     12.250867     13.858717      0.000000
     37 O312  s      -6.642704     -9.740845      0.043733      0.000000
     38 O312  s      19.823059    -10.578466    -11.145030      0.000000
     39 O312  s     -31.519539     13.871275      4.844335      0.000000
     40 O312  s       9.684918     -5.526870     -9.207659      0.000000
--------------------------------------------------------------------------------
  Maximum abs        42.497339     29.438076     19.655765      0.000000
--------------------------------------------------------------------------------


  Born effective charge tensors : 

-------------------------------------------------------------------------------
  Atom             x           y             z
-------------------------------------------------------------------------------
   1 Si    x       4.1160      0.1015      0.7289
           y       0.3314      3.4841     -0.4597
           z       0.7819     -0.4434      2.3774
-------------------------------------------------------------------------------
   2 Si    x       2.6150      0.6508      0.0631
           y       0.4466      4.0198     -0.0788
           z      -0.0706      0.1168      3.1734
-------------------------------------------------------------------------------
   3 Si    x       3.4074      0.2008      0.3860
           y       0.0482      3.9078     -0.3572
           z       0.6262     -0.5710      2.4878
-------------------------------------------------------------------------------
   4 Si    x       3.4768     -0.1014      0.7649
           y      -0.0946      3.3298     -0.5850
           z       0.7988     -0.7804      2.5780
-------------------------------------------------------------------------------
   5 Si    x       3.9434     -0.3438      0.2663
           y      -0.4332      3.5391     -0.2181
           z       0.4568     -0.3533      2.1123
-------------------------------------------------------------------------------
   6 Si    x       3.2534      0.0845      0.6281
           y       0.0248      2.6998     -0.1949
           z       0.1879      0.0412      3.9884
-------------------------------------------------------------------------------
   7 Si    x       3.0865     -0.0746      0.0657
           y       0.0190      3.2649      0.3264
           z       0.0115      0.3910      3.4804
-------------------------------------------------------------------------------
   8 Si    x       2.4485     -0.4925     -0.5420
           y      -0.2680      3.5587      0.2906
           z      -0.3936      0.4662      2.9265
-------------------------------------------------------------------------------
   9 O312  x      -1.9507     -0.4092     -0.0572
           y      -0.4590     -2.0089      0.1098
           z      -0.0907      0.1416     -1.2444
-------------------------------------------------------------------------------
  10 O312  x      -1.8993     -0.6280     -0.2195
           y      -0.7393     -2.3440     -0.0417
           z      -0.2574      0.0316     -1.2527
-------------------------------------------------------------------------------
  11 O312  x      -2.0583      0.5567     -0.4201
           y       0.3925     -1.4451      0.3840
           z      -0.4527      0.4028     -1.1238
-------------------------------------------------------------------------------
  12 O312  x      -2.1008      0.2575     -0.5699
           y       0.3588     -1.2688      0.2848
           z      -0.5910      0.1883     -1.4254
-------------------------------------------------------------------------------
  13 O312  x      -1.1320     -0.5912     -0.0535
           y      -0.1826     -2.4772      0.3888
           z      -0.1214      0.2406     -1.0834
-------------------------------------------------------------------------------
  14 O312  x      -1.8379     -0.0946     -0.3339
           y      -0.1800     -1.3440     -0.0369
           z      -0.5441     -0.0558     -1.1871
-------------------------------------------------------------------------------
  15 O312  x      -1.1074     -0.1466      0.1913
           y      -0.2214     -1.2342      0.3021
           z       0.4521      0.1627     -2.5108
-------------------------------------------------------------------------------
  16 O312  x      -1.3931     -0.0289      0.0266
           y       0.0193     -2.1428     -0.3536
           z       0.0634     -0.4082     -1.2300
-------------------------------------------------------------------------------
  17 O312  x      -1.5774      0.5594     -0.1880
           y       0.7343     -2.3580      0.3177
           z      -0.4122      0.5988     -1.0537
-------------------------------------------------------------------------------
  18 O312  x      -1.5435      0.0491     -0.6567
           y       0.2073     -1.4451      0.7007
           z      -0.6031      0.3997     -2.1458
-------------------------------------------------------------------------------
  19 O312  x      -2.0540      0.0891     -0.6747
           y      -0.2514     -1.1716      0.0499
           z      -0.5645      0.2723     -1.5131
-------------------------------------------------------------------------------
  20 O312  x      -1.6528     -0.4157      0.0356
           y      -0.3535     -1.5202      0.2410
           z      -0.0182      0.2844     -1.0135
-------------------------------------------------------------------------------
  21 O312  x      -1.7825      0.4541     -0.0907
           y       0.5785     -1.6328      0.0607
           z      -0.0501     -0.0036     -1.1621
-------------------------------------------------------------------------------
  22 O312  x      -1.5422      0.0352      0.5267
           y      -0.0281     -1.2246      0.1508
           z       0.6191      0.0639     -1.9814
-------------------------------------------------------------------------------
  23 O312  x      -1.4148     -0.3566     -0.3225
           y      -0.5027     -2.0552     -0.5485
           z      -0.2349     -0.3758     -1.6500
-------------------------------------------------------------------------------
  24 O312  x      -1.3002      0.6442      0.4454
           y       0.5530     -2.1314     -0.7330
           z       0.4068     -0.8102     -1.5468
-------------------------------------------------------------------------------




  Elastic Constant Matrix: (Units=GPa)

-------------------------------------------------------------------------------
  Indices      1         2         3         4         5         6    
-------------------------------------------------------------------------------
       1    656.9303  956.3502 -163.3087  136.3447 -177.3457    9.4557
       2    956.3502 1676.7700 -317.8181  263.5458 -382.5312    9.0170
       3   -163.3087 -317.8181  165.9284  -50.8714  114.5717  -38.6160
       4    136.3447  263.5458  -50.8714   80.0114  -72.6002   15.3761
       5   -177.3457 -382.5312  114.5717  -72.6002  130.9549  -25.9608
       6      9.4557    9.0170  -38.6160   15.3761  -25.9608   11.1334
-------------------------------------------------------------------------------


  Elastic Compliance Matrix: (Units=1/GPa)

-------------------------------------------------------------------------------
  Indices      1         2         3         4         5         6    
-------------------------------------------------------------------------------
       1    0.007829 -0.003128  0.008420 -0.006663 -0.005205  0.022156
       2   -0.003128  0.000801 -0.008087  0.005190  0.002738 -0.026824
       3    0.008420 -0.008087  0.016339 -0.002526 -0.029953 -0.010285
       4   -0.006663  0.005190 -0.002526  0.025149  0.025954  0.018479
       5   -0.005205  0.002738 -0.029953  0.025954  0.040753 -0.042503
       6    0.022156 -0.026824 -0.010285  0.018479 -0.042503 -0.067576
-------------------------------------------------------------------------------

  Mechanical properties :

-------------------------------------------------------------------------------
  Convention :                    Reuss         Voigt         Hill
-------------------------------------------------------------------------------
  Bulk  Modulus (GPa)     =      51.60071     383.34172     217.47122
  Shear Modulus (GPa)     =     141.47030     179.38030     160.42530
-------------------------------------------------------------------------------
  Velocity S-wave (km/s)  =       9.08484      10.22992       9.67434
  Velocity P-wave (km/s)  =      11.83849      19.05723      15.86392
-------------------------------------------------------------------------------
  Compressibility (1/GPa) =    0.01937958
-------------------------------------------------------------------------------
  Stress axis :                     x             y             z
-------------------------------------------------------------------------------
  Youngs Moduli (GPa)     =     127.73786    1248.42782      61.20290
-------------------------------------------------------------------------------
  Poissons Ratio (x)      =                     3.90552      -0.51536
  Poissons Ratio (y)      =       0.39961                     0.49493
  Poissons Ratio (z)      =      -1.07561      10.09559
-------------------------------------------------------------------------------


  Piezoelectric Strain Matrix: (Units=C/m**2)

-------------------------------------------------------------------------------
  Indices      1         2         3         4         5         6    
-------------------------------------------------------------------------------
       x    89.38640 162.06588 -40.28833  25.97809 -41.27667  14.56681
       y   -37.58988 -64.26275  16.82161 -17.51492  17.17050   5.19335
       z     0.32125  -0.21851   1.53846   1.91087   1.57314  -2.87011
-------------------------------------------------------------------------------


  Piezoelectric Stress Matrix: (Units=10**-11 C/N)

-------------------------------------------------------------------------------
  Indices      1         2         3         4         5         6    
-------------------------------------------------------------------------------
       x    21.80166 -19.29391 -19.52634  19.85788 -44.18468 -70.23267
       y    19.08001 -25.31093  -4.54777  -2.44472 -45.97039 -68.64947
       z    -6.83574   7.75913   0.71814   2.86862  18.73419  15.95545
-------------------------------------------------------------------------------


  Static dielectric constant tensor : 

-------------------------------------------------------------------------------
              x         y         z
-------------------------------------------------------------------------------
       x    -6.59800   5.91011   0.56704
       y     5.91011   1.11493  -0.68361
       z     0.56704  -0.68361   3.23499
--------------------------------------------------------------------------------

  High frequency dielectric constant tensor : 

-------------------------------------------------------------------------------
              x         y         z
-------------------------------------------------------------------------------
       x     1.67280   0.01203   0.06005
       y     0.01203   1.72150  -0.02521
       z     0.06005  -0.02521   1.58273
-------------------------------------------------------------------------------

  Static refractive indices : 

-------------------------------------------------------------------------------
    1 =   -3.13855      2 =    1.78603      3 =    2.10060
-------------------------------------------------------------------------------

  High frequency refractive indices : 

-------------------------------------------------------------------------------
    1 =    1.24427      2 =    1.30492      3 =    1.31378
-------------------------------------------------------------------------------


  Time to end of optimisation =       4.1188 seconds


  Peak dynamic memory used =       0.91 MB 


  Timing analysis for GULP :

--------------------------------------------------------------------------------
  Task / Subroutine                                          Time (Seconds)
--------------------------------------------------------------------------------
  Calculation of reciprocal space energy and derivatives          0.0470
  Calculation of real space energy and derivatives                3.6359
  Calculation of three-body energy and derivatives                0.4205
  Calculation of matrix inversion                                 0.0047
--------------------------------------------------------------------------------
  Total CPU time                                                  4.1189
--------------------------------------------------------------------------------


  Job Finished at 17:28.33 28th November   2019                               

