********************************************************************************
*                       GENERAL UTILITY LATTICE PROGRAM                        *
*                                 Julian Gale                                  *
*                       Curtin Institute for Computation                       *
*                           Department of Chemistry                            *
*                    Curtin University, Western Australia                      *
********************************************************************************
* Version = 5.1.1 * Last modified =  11th April 2019                           *
********************************************************************************
*  single       - perform a single point run                                   *
*  md           - perform molecular dynamics run                               *
*  conp         - constant pressure calculation                                *
********************************************************************************
* ASE calculation                                                              *
********************************************************************************


  Job Started  at 14:09.58  8th May        2020                               

  Number of CPUs =     1


  Total number of configurations input =      1

********************************************************************************
*  Input for Configuration =   1                                               *
********************************************************************************

  Formula = O48Si24                                                     

  Number of irreducible atoms/shells =     120


  Total number atoms/shells =     120

  Dimensionality = 3               :  Bulk   



  Cartesian lattice vectors (Angstroms) :

       12.494000    0.000000    0.000000
       -6.247000   10.820121    0.000000
        0.000000    0.000000   10.508000

  Cell parameters (Angstroms/Degrees):

  a =      12.4940    alpha =  90.0000
  b =      12.4940    beta  =  90.0000
  c =      10.5080    gamma = 120.0000

  Initial cell volume =        1420.540758 Angs**3

  Temperature of configuration =  450.0     K 

  Pressure of configuration =         0.000 GPa 

  Fractional coordinates of asymmetric unit :

--------------------------------------------------------------------------------
   No.  Atomic       x           y          z         Charge      Occupancy
        Label      (Frac)      (Frac)     (Frac)        (e)         (Frac)  
--------------------------------------------------------------------------------
      1 O312  c    0.000000 *  0.356500 *  0.250000 *   0.86902    1.000000    
      2 O312  c    0.643500 *  0.643500 *  0.250000 *   0.86902    1.000000    
      3 O312  c    0.356500 *  0.000000 *  0.250000 *   0.86902    1.000000    
      4 O312  c    0.000000 *  0.643500 *  0.000000 *   0.86902    1.000000    
      5 O312  c    0.356500 *  0.356500 *  0.000000 *   0.86902    1.000000    
      6 O312  c    0.643500 *  0.000000 *  0.000000 *   0.86902    1.000000    
      7 O312  c    0.643500 *  0.000000 *  0.250000 *   0.86902    1.000000    
      8 O312  c    0.356500 *  0.356500 *  0.250000 *   0.86902    1.000000    
      9 O312  c    0.000000 *  0.643500 *  0.250000 *   0.86902    1.000000    
     10 O312  c    0.356500 *  0.000000 *  0.000000 *   0.86902    1.000000    
     11 O312  c    0.643500 *  0.643500 *  0.000000 *   0.86902    1.000000    
     12 O312  c    0.000000 *  0.356500 *  0.000000 *   0.86902    1.000000    
     13 O312  c    0.198600 *  0.397200 *  0.375000 *   0.86902    1.000000    
     14 O312  c    0.602800 *  0.801400 *  0.375000 *   0.86902    1.000000    
     15 O312  c    0.198600 *  0.801400 *  0.375000 *   0.86902    1.000000    
     16 O312  c    0.801400 *  0.602800 *  0.125000 *   0.86902    1.000000    
     17 O312  c    0.397200 *  0.198600 *  0.125000 *   0.86902    1.000000    
     18 O312  c    0.801400 *  0.198600 *  0.125000 *   0.86902    1.000000    
     19 O312  c    0.129900 *  0.565000 *  0.375000 *   0.86902    1.000000    
     20 O312  c    0.435000 *  0.564900 *  0.375000 *   0.86902    1.000000    
     21 O312  c    0.435100 *  0.870100 *  0.375000 *   0.86902    1.000000    
     22 O312  c    0.870100 *  0.435000 *  0.125000 *   0.86902    1.000000    
     23 O312  c    0.565000 *  0.435100 *  0.125000 *   0.86902    1.000000    
     24 O312  c    0.564900 *  0.129900 *  0.125000 *   0.86902    1.000000    
     25 Si    c    0.082200 *  0.419000 *  0.375000 *   4.00000    1.000000    
     26 Si    c    0.581000 *  0.663200 *  0.375000 *   4.00000    1.000000    
     27 Si    c    0.336800 *  0.917800 *  0.375000 *   4.00000    1.000000    
     28 Si    c    0.917800 *  0.581000 *  0.125000 *   4.00000    1.000000    
     29 Si    c    0.419000 *  0.336800 *  0.125000 *   4.00000    1.000000    
     30 Si    c    0.663200 *  0.082200 *  0.125000 *   4.00000    1.000000    
     31 Si    c    0.581000 *  0.917800 *  0.375000 *   4.00000    1.000000    
     32 Si    c    0.336800 *  0.419000 *  0.375000 *   4.00000    1.000000    
     33 Si    c    0.082200 *  0.663200 *  0.375000 *   4.00000    1.000000    
     34 Si    c    0.419000 *  0.082200 *  0.125000 *   4.00000    1.000000    
     35 Si    c    0.663200 *  0.581000 *  0.125000 *   4.00000    1.000000    
     36 Si    c    0.917800 *  0.336800 *  0.125000 *   4.00000    1.000000    
     37 O312  c    0.000000 *  0.356500 *  0.750000 *   0.86902    1.000000    
     38 O312  c    0.643500 *  0.643500 *  0.750000 *   0.86902    1.000000    
     39 O312  c    0.356500 *  0.000000 *  0.750000 *   0.86902    1.000000    
     40 O312  c    0.000000 *  0.643500 *  0.500000 *   0.86902    1.000000    
     41 O312  c    0.356500 *  0.356500 *  0.500000 *   0.86902    1.000000    
     42 O312  c    0.643500 *  0.000000 *  0.500000 *   0.86902    1.000000    
     43 O312  c    0.643500 *  0.000000 *  0.750000 *   0.86902    1.000000    
     44 O312  c    0.356500 *  0.356500 *  0.750000 *   0.86902    1.000000    
     45 O312  c    0.000000 *  0.643500 *  0.750000 *   0.86902    1.000000    
     46 O312  c    0.356500 *  0.000000 *  0.500000 *   0.86902    1.000000    
     47 O312  c    0.643500 *  0.643500 *  0.500000 *   0.86902    1.000000    
     48 O312  c    0.000000 *  0.356500 *  0.500000 *   0.86902    1.000000    
     49 O312  c    0.198600 *  0.397200 *  0.875000 *   0.86902    1.000000    
     50 O312  c    0.602800 *  0.801400 *  0.875000 *   0.86902    1.000000    
     51 O312  c    0.198600 *  0.801400 *  0.875000 *   0.86902    1.000000    
     52 O312  c    0.801400 *  0.602800 *  0.625000 *   0.86902    1.000000    
     53 O312  c    0.397200 *  0.198600 *  0.625000 *   0.86902    1.000000    
     54 O312  c    0.801400 *  0.198600 *  0.625000 *   0.86902    1.000000    
     55 O312  c    0.129900 *  0.565000 *  0.875000 *   0.86902    1.000000    
     56 O312  c    0.435000 *  0.564900 *  0.875000 *   0.86902    1.000000    
     57 O312  c    0.435100 *  0.870100 *  0.875000 *   0.86902    1.000000    
     58 O312  c    0.870100 *  0.435000 *  0.625000 *   0.86902    1.000000    
     59 O312  c    0.565000 *  0.435100 *  0.625000 *   0.86902    1.000000    
     60 O312  c    0.564900 *  0.129900 *  0.625000 *   0.86902    1.000000    
     61 Si    c    0.082200 *  0.419000 *  0.875000 *   4.00000    1.000000    
     62 Si    c    0.581000 *  0.663200 *  0.875000 *   4.00000    1.000000    
     63 Si    c    0.336800 *  0.917800 *  0.875000 *   4.00000    1.000000    
     64 Si    c    0.917800 *  0.581000 *  0.625000 *   4.00000    1.000000    
     65 Si    c    0.419000 *  0.336800 *  0.625000 *   4.00000    1.000000    
     66 Si    c    0.663200 *  0.082200 *  0.625000 *   4.00000    1.000000    
     67 Si    c    0.581000 *  0.917800 *  0.875000 *   4.00000    1.000000    
     68 Si    c    0.336800 *  0.419000 *  0.875000 *   4.00000    1.000000    
     69 Si    c    0.082200 *  0.663200 *  0.875000 *   4.00000    1.000000    
     70 Si    c    0.419000 *  0.082200 *  0.625000 *   4.00000    1.000000    
     71 Si    c    0.663200 *  0.581000 *  0.625000 *   4.00000    1.000000    
     72 Si    c    0.917800 *  0.336800 *  0.625000 *   4.00000    1.000000    
     73 O312  s    0.000000 *  0.356500 *  0.250000 *  -2.86902    1.000000    
     74 O312  s    0.643500 *  0.643500 *  0.250000 *  -2.86902    1.000000    
     75 O312  s    0.356500 *  0.000000 *  0.250000 *  -2.86902    1.000000    
     76 O312  s    0.000000 *  0.643500 *  0.000000 *  -2.86902    1.000000    
     77 O312  s    0.356500 *  0.356500 *  0.000000 *  -2.86902    1.000000    
     78 O312  s    0.643500 *  0.000000 *  0.000000 *  -2.86902    1.000000    
     79 O312  s    0.643500 *  0.000000 *  0.250000 *  -2.86902    1.000000    
     80 O312  s    0.356500 *  0.356500 *  0.250000 *  -2.86902    1.000000    
     81 O312  s    0.000000 *  0.643500 *  0.250000 *  -2.86902    1.000000    
     82 O312  s    0.356500 *  0.000000 *  0.000000 *  -2.86902    1.000000    
     83 O312  s    0.643500 *  0.643500 *  0.000000 *  -2.86902    1.000000    
     84 O312  s    0.000000 *  0.356500 *  0.000000 *  -2.86902    1.000000    
     85 O312  s    0.198600 *  0.397200 *  0.375000 *  -2.86902    1.000000    
     86 O312  s    0.602800 *  0.801400 *  0.375000 *  -2.86902    1.000000    
     87 O312  s    0.198600 *  0.801400 *  0.375000 *  -2.86902    1.000000    
     88 O312  s    0.801400 *  0.602800 *  0.125000 *  -2.86902    1.000000    
     89 O312  s    0.397200 *  0.198600 *  0.125000 *  -2.86902    1.000000    
     90 O312  s    0.801400 *  0.198600 *  0.125000 *  -2.86902    1.000000    
     91 O312  s    0.129900 *  0.565000 *  0.375000 *  -2.86902    1.000000    
     92 O312  s    0.435000 *  0.564900 *  0.375000 *  -2.86902    1.000000    
     93 O312  s    0.435100 *  0.870100 *  0.375000 *  -2.86902    1.000000    
     94 O312  s    0.870100 *  0.435000 *  0.125000 *  -2.86902    1.000000    
     95 O312  s    0.565000 *  0.435100 *  0.125000 *  -2.86902    1.000000    
     96 O312  s    0.564900 *  0.129900 *  0.125000 *  -2.86902    1.000000    
     97 O312  s    0.000000 *  0.356500 *  0.750000 *  -2.86902    1.000000    
     98 O312  s    0.643500 *  0.643500 *  0.750000 *  -2.86902    1.000000    
     99 O312  s    0.356500 *  0.000000 *  0.750000 *  -2.86902    1.000000    
    100 O312  s    0.000000 *  0.643500 *  0.500000 *  -2.86902    1.000000    
    101 O312  s    0.356500 *  0.356500 *  0.500000 *  -2.86902    1.000000    
    102 O312  s    0.643500 *  0.000000 *  0.500000 *  -2.86902    1.000000    
    103 O312  s    0.643500 *  0.000000 *  0.750000 *  -2.86902    1.000000    
    104 O312  s    0.356500 *  0.356500 *  0.750000 *  -2.86902    1.000000    
    105 O312  s    0.000000 *  0.643500 *  0.750000 *  -2.86902    1.000000    
    106 O312  s    0.356500 *  0.000000 *  0.500000 *  -2.86902    1.000000    
    107 O312  s    0.643500 *  0.643500 *  0.500000 *  -2.86902    1.000000    
    108 O312  s    0.000000 *  0.356500 *  0.500000 *  -2.86902    1.000000    
    109 O312  s    0.198600 *  0.397200 *  0.875000 *  -2.86902    1.000000    
    110 O312  s    0.602800 *  0.801400 *  0.875000 *  -2.86902    1.000000    
    111 O312  s    0.198600 *  0.801400 *  0.875000 *  -2.86902    1.000000    
    112 O312  s    0.801400 *  0.602800 *  0.625000 *  -2.86902    1.000000    
    113 O312  s    0.397200 *  0.198600 *  0.625000 *  -2.86902    1.000000    
    114 O312  s    0.801400 *  0.198600 *  0.625000 *  -2.86902    1.000000    
    115 O312  s    0.129900 *  0.565000 *  0.875000 *  -2.86902    1.000000    
    116 O312  s    0.435000 *  0.564900 *  0.875000 *  -2.86902    1.000000    
    117 O312  s    0.435100 *  0.870100 *  0.875000 *  -2.86902    1.000000    
    118 O312  s    0.870100 *  0.435000 *  0.625000 *  -2.86902    1.000000    
    119 O312  s    0.565000 *  0.435100 *  0.625000 *  -2.86902    1.000000    
    120 O312  s    0.564900 *  0.129900 *  0.625000 *  -2.86902    1.000000    
--------------------------------------------------------------------------------



********************************************************************************
*  General input information                                                   *
********************************************************************************

  Species output for all configurations : 

--------------------------------------------------------------------------------
  Species    Type    Atomic    Atomic    Charge       Radii (Angs)     Library
                     Number     Mass       (e)     Cova   Ionic  VDW   Symbol
--------------------------------------------------------------------------------
    Si       Core       14      28.09   4.000000   1.200  0.000  2.100          
    O312     Core        8      14.40   0.869020   0.730  0.000  1.360          
    O312     Shell       8       1.60  -2.869020   0.730  0.000  1.360          
--------------------------------------------------------------------------------


  Lattice summation method               =    Ewald          (3-D)
                                         =    Parry          (2-D)
                                         =    Saunders et al (1-D)
  Accuracy factor for lattice sums       =   12.000


  Time limit = Infinity

  Maximum range for interatomic potentials =        12.000000 Angstroms

  Taper potentials to zero over   1.0000 Angstroms using polynomial

  General interatomic potentials :

--------------------------------------------------------------------------------
Atom  Types   Potential      Parameter       Value         Units   Cutoffs(Ang)
  1     2                                                            Min /  Max 
--------------------------------------------------------------------------------
Si   c O312 s Buckingham    Buckingham A     1283.9070    eV        0.000 10.000
                            Buckingham rho  0.32052000    Ang       
                            Buckingham C     10.661580    eV*Ang^6  
--------------------------------------------------------------------------------
O31  c Si   c Buckingham    Buckingham A     983.55700    eV        0.000 10.000
                            Buckingham rho  0.32052000    Ang       
                            Buckingham C     10.661580    eV*Ang^6  
--------------------------------------------------------------------------------
O312 s O312 s Buckingham    Buckingham A     22764.000    eV        0.000 12.000
                            Buckingham rho  0.14900000    Ang       
                            Buckingham C     27.879000    eV*Ang^6  
--------------------------------------------------------------------------------
O31  c O312 s Buckingham    Buckingham A     22764.000    eV        0.000 12.000
                            Buckingham rho  0.14900000    Ang       
                            Buckingham C     27.879000    eV*Ang^6  
--------------------------------------------------------------------------------
O31  c O31  c Buckingham    Buckingham A     22764.000    eV        0.000 12.000
                            Buckingham rho  0.14900000    Ang       
                            Buckingham C     27.879000    eV*Ang^6  
--------------------------------------------------------------------------------
H31  c O312 s Buckingham    Buckingham A     311.97000    eV        0.000 12.000
                            Buckingham rho  0.25000000    Ang       
                            Buckingham C     0.0000000    eV*Ang^6  
--------------------------------------------------------------------------------
H31  c O31  c Morse-Coulomb Morse  De        7.0525000    eV        0.000  1.400
                            Morse  a0        2.1986000    Ang^-1    
                            Morse  r0       0.94850000    Ang       
--------------------------------------------------------------------------------
O312 c O312 s Spring (c-s)  Spring k 2       74.920000    eV*Ang^-2 0.000  0.800
                            Spring k 4       0.0000000    eV*Ang^-4 
--------------------------------------------------------------------------------

  General Three-body potentials :

--------------------------------------------------------------------------------
  Atoms       Potential      Parameter       Value         Units   Cutoffs(Ang)
  1 / 2 / 3                                                          Min /  Max 
--------------------------------------------------------------------------------
Si    core    Harmonic      Three-body cnst  2.0972400    eV*rad^-2 0.000  1.900
O312  shel                  Three-body angl  109.47000    degrees   0.000  1.900
O312  shel                  Three-body k4    0.0000000    eV*rad^-4 0.000  3.500
                            Three-body k3    0.0000000    eV*rad^-3 
--------------------------------------------------------------------------------
Si    core    Harmonic      Three-body cnst  2.0972400    eV*rad^-2 0.000  1.900
O31   core                  Three-body angl  109.47000    degrees   0.000  1.900
O312  shel                  Three-body k4    0.0000000    eV*rad^-4 0.000  3.500
                            Three-body k3    0.0000000    eV*rad^-3 
--------------------------------------------------------------------------------

********************************************************************************
*  Output for configuration   1                                                *
********************************************************************************


  Components of energy : 

--------------------------------------------------------------------------------
  Interatomic potentials     =         742.15526644 eV    
  Three-body potentials      =           0.00138823 eV    
  Monopole - monopole (real) =       -2709.75702372 eV    
  Monopole - monopole (recip)=       -1098.02696235 eV    
  Monopole - monopole (total)=       -3807.78398607 eV    
--------------------------------------------------------------------------------
  Total lattice energy       =       -3065.62733140 eV    
--------------------------------------------------------------------------------
  Total lattice energy       =         -295786.1751 kJ/(mole unit cells)
--------------------------------------------------------------------------------

  Equations of motion will be integrated using the leapfrog Verlet algorithm.

  Core-shell wave numbers:

    O312:    3761.37 cm**(-1)

  Above wave numbers must be larger than the vibrational modes for this system.


********************************************************************************
*  Molecular Dynamics                                                          *
********************************************************************************

  Isothermal/baric ensemble (NPT) to be used

  Friction for temperature bath =           0.050000
  Friction for pressure    bath =           0.100000

  No. of mobile ions        =                 72

  No. of degrees of freedom =                213

  Time step                 =           0.000100 ps
  Equilibration time        =           0.050000 ps
  Production time           =           0.050000 ps
  Scaling time              =           0.050000 ps
  Scaling frequency         =           0.000100 ps
  Sampling frequency        =           0.010000 ps
  Write frequency           =           0.010000 ps
  TD-Force start time       =           0.000000 ps
  TD-Field start time       =           0.000000 ps



  Molecular dynamics equilibration :

  ** Time :            0.01000 ps :
     Properties:                   Instantaneous       Averaged
       Kinetic energy    (eV) =       4.099819          4.099819
       Potential energy  (eV) =   -3079.469663      -3079.469663
       Total energy      (eV) =   -3075.369845      -3075.369845
       Temperature       (K)  =     446.726489        446.726489
       C/S temperature   (K)  =       0.685148          0.685148
       Pressure         (GPa) =      -0.590544         -0.590544
       Cell parameter : a (A) =      12.429321         12.429321
       Cell parameter : b (A) =      12.433624         12.433624
       Cell parameter : c (A) =      10.459051         10.459051
       Cell angle : alpha (o) =      89.978531         89.978531
       Cell angle : beta  (o) =      89.999339         89.999339
       Cell angle : gamma (o) =     119.984518        119.984518
       Cell volume :   (A**3) =    1400.024713       1400.024713
  ** Time :            0.02000 ps :
     Properties:                   Instantaneous       Averaged
       Kinetic energy    (eV) =       4.137930          4.118875
       Potential energy  (eV) =   -3079.622306      -3079.545985
       Total energy      (eV) =   -3075.484376      -3075.427110
       Temperature       (K)  =     450.879240        448.802865
       C/S temperature   (K)  =       0.803456          0.744302
       Pressure         (GPa) =       1.005797          0.208312
       Cell parameter : a (A) =      12.464898         12.447109
       Cell parameter : b (A) =      12.458740         12.446182
       Cell parameter : c (A) =      10.436235         10.447643
       Cell angle : alpha (o) =      89.962416         89.970474
       Cell angle : beta  (o) =      90.014219         90.006779
       Cell angle : gamma (o) =     120.020790        120.002654
       Cell volume :   (A**3) =    1403.286171       1401.655442
  ** Time :            0.03000 ps :
     Properties:                   Instantaneous       Averaged
       Kinetic energy    (eV) =       4.120300          4.119350
       Potential energy  (eV) =   -3079.140923      -3079.410964
       Total energy      (eV) =   -3075.020623      -3075.291615
       Temperature       (K)  =     448.958229        448.854653
       C/S temperature   (K)  =       0.355835          0.614813
       Pressure         (GPa) =       0.574383          0.329599
       Cell parameter : a (A) =      12.499851         12.464690
       Cell parameter : b (A) =      12.483337         12.458567
       Cell parameter : c (A) =      10.447803         10.447696
       Cell angle : alpha (o) =      89.974309         89.971752
       Cell angle : beta  (o) =      90.037946         90.017168
       Cell angle : gamma (o) =     120.076187        120.027165
       Cell volume :   (A**3) =    1410.772814       1404.694566
  ** Time :            0.04000 ps :
     Properties:                   Instantaneous       Averaged
       Kinetic energy    (eV) =       4.134619          4.123167
       Potential energy  (eV) =   -3080.725248      -3079.739535
       Total energy      (eV) =   -3076.590629      -3075.616368
       Temperature       (K)  =     450.518426        449.270596
       C/S temperature   (K)  =       0.632985          0.619356
       Pressure         (GPa) =      -0.900508          0.022318
       Cell parameter : a (A) =      12.463026         12.464274
       Cell parameter : b (A) =      12.453555         12.457314
       Cell parameter : c (A) =      10.491360         10.458612
       Cell angle : alpha (o) =      89.984970         89.975057
       Cell angle : beta  (o) =      90.051752         90.025814
       Cell angle : gamma (o) =     120.057925        120.034855
       Cell volume :   (A**3) =    1409.370924       1405.863656
  ** Time :            0.05000 ps :
     Properties:                   Instantaneous       Averaged
       Kinetic energy    (eV) =       4.090053          4.116544
       Potential energy  (eV) =   -3080.102605      -3079.812149
       Total energy      (eV) =   -3076.012552      -3075.695605
       Temperature       (K)  =     445.662368        448.548951
       C/S temperature   (K)  =       0.411574          0.577800
       Pressure         (GPa) =      -1.760055         -0.334022
       Cell parameter : a (A) =      12.447668         12.460953
       Cell parameter : b (A) =      12.436090         12.453069
       Cell parameter : c (A) =      10.441495         10.455189
       Cell angle : alpha (o) =      89.988446         89.977735
       Cell angle : beta  (o) =      90.058942         90.032439
       Cell angle : gamma (o) =     120.069533        120.041791
       Cell volume :   (A**3) =    1398.814643       1404.453853

  Molecular dynamics production :

  ** Time :            0.01000 ps :
     Properties:                   Instantaneous       Averaged
       Kinetic energy    (eV) =       4.148314          4.148314
       Potential energy  (eV) =   -3079.915938      -3079.915938
       Total energy      (eV) =   -3075.767624      -3075.767624
       Temperature       (K)  =     452.010667        452.010667
       C/S temperature   (K)  =       0.391119          0.391119
       Pressure         (GPa) =       0.779507          0.779507
       Cell parameter : a (A) =      12.225484         12.225484
       Cell parameter : b (A) =      12.228565         12.228565
       Cell parameter : c (A) =      10.484282         10.484282
       Cell angle : alpha (o) =      90.022598         90.022598
       Cell angle : beta  (o) =      90.696590         90.696590
       Cell angle : gamma (o) =     120.055381        120.055381
       Cell volume :   (A**3) =    1356.513010       1356.513010
  ** Time :            0.02000 ps :
     Properties:                   Instantaneous       Averaged
       Kinetic energy    (eV) =       4.133638          4.140976
       Potential energy  (eV) =   -3079.783536      -3079.849737
       Total energy      (eV) =   -3075.649899      -3075.708761
       Temperature       (K)  =     450.411486        451.211077
       C/S temperature   (K)  =       0.525769          0.458444
       Pressure         (GPa) =       0.588098          0.685958
       Cell parameter : a (A) =      12.011354         12.118419
       Cell parameter : b (A) =      11.982823         12.105694
       Cell parameter : c (A) =      10.845907         10.665095
       Cell angle : alpha (o) =      89.117024         89.569811
       Cell angle : beta  (o) =      91.156678         90.926634
       Cell angle : gamma (o) =     120.187226        120.121303
       Cell volume :   (A**3) =    1349.051840       1352.782425
  ** Time :            0.03000 ps :
     Properties:                   Instantaneous       Averaged
       Kinetic energy    (eV) =       4.135964          4.139305
       Potential energy  (eV) =   -3070.977683      -3076.892386
       Total energy      (eV) =   -3066.841719      -3072.753080
       Temperature       (K)  =     450.665026        451.029060
       C/S temperature   (K)  =       0.550784          0.489224
       Pressure         (GPa) =      -0.155980          0.397908
       Cell parameter : a (A) =      12.096376         12.111071
       Cell parameter : b (A) =      12.007093         12.072827
       Cell parameter : c (A) =      10.963149         10.764446
       Cell angle : alpha (o) =      89.372001         89.503874
       Cell angle : beta  (o) =      87.415852         89.756373
       Cell angle : gamma (o) =     120.377798        120.206802
       Cell volume :   (A**3) =    1371.253663       1358.939504
  ** Time :            0.04000 ps :
     Properties:                   Instantaneous       Averaged
       Kinetic energy    (eV) =       4.132831          4.137687
       Potential energy  (eV) =   -3068.446108      -3074.780816
       Total energy      (eV) =   -3064.313277      -3070.643130
       Temperature       (K)  =     450.323611        450.852698
       C/S temperature   (K)  =       0.526546          0.498555
       Pressure         (GPa) =       1.115438          0.578487
       Cell parameter : a (A) =      12.069058         12.100568
       Cell parameter : b (A) =      12.023968         12.060612
       Cell parameter : c (A) =      10.908904         10.800561
       Cell angle : alpha (o) =      93.225538         90.434290
       Cell angle : beta  (o) =      90.338662         89.901946
       Cell angle : gamma (o) =     120.142173        120.190645
       Cell volume :   (A**3) =    1365.778067       1360.649145
  ** Time :            0.05000 ps :
     Properties:                   Instantaneous       Averaged
       Kinetic energy    (eV) =       4.141249          4.138399
       Potential energy  (eV) =   -3060.949859      -3072.014625
       Total energy      (eV) =   -3056.808610      -3067.876226
       Temperature       (K)  =     451.240855        450.930329
       C/S temperature   (K)  =       0.518515          0.502547
       Pressure         (GPa) =      -0.913028          0.268574
       Cell parameter : a (A) =      12.072292         12.094913
       Cell parameter : b (A) =      12.196676         12.087825
       Cell parameter : c (A) =      10.880597         10.816568
       Cell angle : alpha (o) =      87.909944         89.929421
       Cell angle : beta  (o) =      94.078988         90.737354
       Cell angle : gamma (o) =     118.757424        119.904000
       Cell volume :   (A**3) =    1400.923463       1368.704009

  Peak dynamic memory used =       0.90 MB 


  Timing analysis for GULP :

--------------------------------------------------------------------------------
  Task / Subroutine                                          Time (Seconds)
--------------------------------------------------------------------------------
  Calculation of reciprocal space energy and derivatives          1.1184
  Calculation of real space energy and derivatives               33.3388
  Calculation of three-body energy and derivatives                0.0243
  Calculation of matrix inversion                                 0.0007
  Molecular dynamics - update of geometry                         0.0124
  Molecular dynamics - predictor                                  0.0005
  Molecular dynamics - corrector                                  0.0109
  Molecular dynamics - velocity correction                        0.0036
  Global summation overhead                                       0.0005
--------------------------------------------------------------------------------
  Total CPU time                                                 34.5371
--------------------------------------------------------------------------------


  GULP ASCII trajectory file written as md.trg


  Job Finished at 14:10.33  8th May        2020                               

